Traceback (most recent call last):
  File "/opt/hostedtoolcache/Python/3.10.19/x64/lib/python3.10/site-packages/jupyter_cache/executors/utils.py", line 58, in single_nb_execution
    executenb(
  File "/opt/hostedtoolcache/Python/3.10.19/x64/lib/python3.10/site-packages/nbclient/client.py", line 1323, in execute
    return NotebookClient(nb=nb, resources=resources, km=km, **kwargs).execute()
  File "/opt/hostedtoolcache/Python/3.10.19/x64/lib/python3.10/site-packages/jupyter_core/utils/__init__.py", line 165, in wrapped
    return loop.run_until_complete(inner)
  File "/opt/hostedtoolcache/Python/3.10.19/x64/lib/python3.10/asyncio/base_events.py", line 649, in run_until_complete
    return future.result()
  File "/opt/hostedtoolcache/Python/3.10.19/x64/lib/python3.10/site-packages/nbclient/client.py", line 709, in async_execute
    await self.async_execute_cell(
  File "/opt/hostedtoolcache/Python/3.10.19/x64/lib/python3.10/site-packages/nbclient/client.py", line 1062, in async_execute_cell
    await self._check_raise_for_error(cell, cell_index, exec_reply)
  File "/opt/hostedtoolcache/Python/3.10.19/x64/lib/python3.10/site-packages/nbclient/client.py", line 918, in _check_raise_for_error
    raise CellExecutionError.from_cell_and_msg(cell, exec_reply_content)
nbclient.exceptions.CellExecutionError: An error occurred while executing the following cell:
------------------
import numpy as np
from scipy import sparse

# 1️⃣ 记录非零元素的行索引
row = np.array([0, 2, 2, 4])  # 3 在第0行，4 在第2行，5 在第2行，6 在第4行

# 2️⃣ 记录非零元素的列索引
col = np.array([2, 0, 3, 2])  # 3 在第2列，4 在第0列，5 在第3列，6 在第2列

# 3️⃣ 记录非零元素的值
data = np.array([3, 4, 5, 6])  # 这些索引位置对应的值

# 4️⃣ 生成 5x5 的稀疏矩阵
matrix = sparse.coo_matrix((data, (row, col)), shape=(5, 5))

# 打印矩阵
print(matrix.toarray())  # 转换回普通的二维数组看下
print(matrix.row)
print(matrix.col)
print(matrix.data)

------------------


[0;31m---------------------------------------------------------------------------[0m
[0;31mModuleNotFoundError[0m                       Traceback (most recent call last)
Cell [0;32mIn[1], line 1[0m
[0;32m----> 1[0m [38;5;28;01mimport[39;00m[38;5;250m [39m[38;5;21;01mnumpy[39;00m[38;5;250m [39m[38;5;28;01mas[39;00m[38;5;250m [39m[38;5;21;01mnp[39;00m
[1;32m      2[0m [38;5;28;01mfrom[39;00m[38;5;250m [39m[38;5;21;01mscipy[39;00m[38;5;250m [39m[38;5;28;01mimport[39;00m sparse
[1;32m      4[0m [38;5;66;03m# 1️⃣ 记录非零元素的行索引[39;00m

[0;31mModuleNotFoundError[0m: No module named 'numpy'

