Traceback (most recent call last):
  File "/opt/hostedtoolcache/Python/3.10.19/x64/lib/python3.10/site-packages/jupyter_cache/executors/utils.py", line 58, in single_nb_execution
    executenb(
  File "/opt/hostedtoolcache/Python/3.10.19/x64/lib/python3.10/site-packages/nbclient/client.py", line 1323, in execute
    return NotebookClient(nb=nb, resources=resources, km=km, **kwargs).execute()
  File "/opt/hostedtoolcache/Python/3.10.19/x64/lib/python3.10/site-packages/jupyter_core/utils/__init__.py", line 165, in wrapped
    return loop.run_until_complete(inner)
  File "/opt/hostedtoolcache/Python/3.10.19/x64/lib/python3.10/asyncio/base_events.py", line 649, in run_until_complete
    return future.result()
  File "/opt/hostedtoolcache/Python/3.10.19/x64/lib/python3.10/site-packages/nbclient/client.py", line 709, in async_execute
    await self.async_execute_cell(
  File "/opt/hostedtoolcache/Python/3.10.19/x64/lib/python3.10/site-packages/nbclient/client.py", line 1062, in async_execute_cell
    await self._check_raise_for_error(cell, cell_index, exec_reply)
  File "/opt/hostedtoolcache/Python/3.10.19/x64/lib/python3.10/site-packages/nbclient/client.py", line 918, in _check_raise_for_error
    raise CellExecutionError.from_cell_and_msg(cell, exec_reply_content)
nbclient.exceptions.CellExecutionError: An error occurred while executing the following cell:
------------------
from sklearn.datasets import make_blobs
centers = [[-5,0], [0,1.5],[5,-1]]
X,y = make_blobs(
    n_samples= 1000,
    centers= centers,
    random_state=42
)
print(X.shape, y.shape)
------------------


[0;31m---------------------------------------------------------------------------[0m
[0;31mModuleNotFoundError[0m                       Traceback (most recent call last)
Cell [0;32mIn[1], line 1[0m
[0;32m----> 1[0m [38;5;28;01mfrom[39;00m[38;5;250m [39m[38;5;21;01msklearn[39;00m[38;5;21;01m.[39;00m[38;5;21;01mdatasets[39;00m[38;5;250m [39m[38;5;28;01mimport[39;00m make_blobs
[1;32m      2[0m centers [38;5;241m=[39m [[[38;5;241m-[39m[38;5;241m5[39m,[38;5;241m0[39m], [[38;5;241m0[39m,[38;5;241m1.5[39m],[[38;5;241m5[39m,[38;5;241m-[39m[38;5;241m1[39m]]
[1;32m      3[0m X,y [38;5;241m=[39m make_blobs(
[1;32m      4[0m     n_samples[38;5;241m=[39m [38;5;241m1000[39m,
[1;32m      5[0m     centers[38;5;241m=[39m centers,
[1;32m      6[0m     random_state[38;5;241m=[39m[38;5;241m42[39m
[1;32m      7[0m )

[0;31mModuleNotFoundError[0m: No module named 'sklearn'

