Traceback (most recent call last):
  File "/opt/hostedtoolcache/Python/3.10.19/x64/lib/python3.10/site-packages/jupyter_cache/executors/utils.py", line 58, in single_nb_execution
    executenb(
  File "/opt/hostedtoolcache/Python/3.10.19/x64/lib/python3.10/site-packages/nbclient/client.py", line 1323, in execute
    return NotebookClient(nb=nb, resources=resources, km=km, **kwargs).execute()
  File "/opt/hostedtoolcache/Python/3.10.19/x64/lib/python3.10/site-packages/jupyter_core/utils/__init__.py", line 165, in wrapped
    return loop.run_until_complete(inner)
  File "/opt/hostedtoolcache/Python/3.10.19/x64/lib/python3.10/asyncio/base_events.py", line 649, in run_until_complete
    return future.result()
  File "/opt/hostedtoolcache/Python/3.10.19/x64/lib/python3.10/site-packages/nbclient/client.py", line 709, in async_execute
    await self.async_execute_cell(
  File "/opt/hostedtoolcache/Python/3.10.19/x64/lib/python3.10/site-packages/nbclient/client.py", line 1062, in async_execute_cell
    await self._check_raise_for_error(cell, cell_index, exec_reply)
  File "/opt/hostedtoolcache/Python/3.10.19/x64/lib/python3.10/site-packages/nbclient/client.py", line 918, in _check_raise_for_error
    raise CellExecutionError.from_cell_and_msg(cell, exec_reply_content)
nbclient.exceptions.CellExecutionError: An error occurred while executing the following cell:
------------------
import numpy as np
rng = np.random.RandomState(42)
n_samples,n_features, n_informative = 50,100,10
time_step=np.linspace(-2,2,n_samples)
freqs = 2*np.pi*np.sort(rng.rand(n_features))/0.01
X=np.zeros((n_samples, n_features))

for i in range(n_features):
    X[:, i]=np.sin(freqs[i]*time_step)

# 
idx = np.arange(n_features)
true_coef = (-1)**idx*np.exp(-idx/10) # 符号交替的，系数逐渐变小
true_coef[n_informative:] =0 # sparsify coef
y=np.dot(X,true_coef)
print(true_coef)

------------------


[0;31m---------------------------------------------------------------------------[0m
[0;31mModuleNotFoundError[0m                       Traceback (most recent call last)
Cell [0;32mIn[1], line 1[0m
[0;32m----> 1[0m [38;5;28;01mimport[39;00m[38;5;250m [39m[38;5;21;01mnumpy[39;00m[38;5;250m [39m[38;5;28;01mas[39;00m[38;5;250m [39m[38;5;21;01mnp[39;00m
[1;32m      2[0m rng [38;5;241m=[39m np[38;5;241m.[39mrandom[38;5;241m.[39mRandomState([38;5;241m42[39m)
[1;32m      3[0m n_samples,n_features, n_informative [38;5;241m=[39m [38;5;241m50[39m,[38;5;241m100[39m,[38;5;241m10[39m

[0;31mModuleNotFoundError[0m: No module named 'numpy'

