Traceback (most recent call last):
  File "/opt/hostedtoolcache/Python/3.10.19/x64/lib/python3.10/site-packages/jupyter_cache/executors/utils.py", line 58, in single_nb_execution
    executenb(
  File "/opt/hostedtoolcache/Python/3.10.19/x64/lib/python3.10/site-packages/nbclient/client.py", line 1323, in execute
    return NotebookClient(nb=nb, resources=resources, km=km, **kwargs).execute()
  File "/opt/hostedtoolcache/Python/3.10.19/x64/lib/python3.10/site-packages/jupyter_core/utils/__init__.py", line 165, in wrapped
    return loop.run_until_complete(inner)
  File "/opt/hostedtoolcache/Python/3.10.19/x64/lib/python3.10/asyncio/base_events.py", line 649, in run_until_complete
    return future.result()
  File "/opt/hostedtoolcache/Python/3.10.19/x64/lib/python3.10/site-packages/nbclient/client.py", line 709, in async_execute
    await self.async_execute_cell(
  File "/opt/hostedtoolcache/Python/3.10.19/x64/lib/python3.10/site-packages/nbclient/client.py", line 1062, in async_execute_cell
    await self._check_raise_for_error(cell, cell_index, exec_reply)
  File "/opt/hostedtoolcache/Python/3.10.19/x64/lib/python3.10/site-packages/nbclient/client.py", line 918, in _check_raise_for_error
    raise CellExecutionError.from_cell_and_msg(cell, exec_reply_content)
nbclient.exceptions.CellExecutionError: An error occurred while executing the following cell:
------------------
from time import time
from sklearn.datasets import fetch_20newsgroups
from sklearn.feature_extraction.text import TfidfVectorizer
categories = [
    "alt.atheism",
    "talk.religion.misc",
    "comp.graphics",
    "sci.space",
]

# example : docs["hello", "world"]
def size_mb(docs):
    return sum( len(s.encode("utf-8")) for s in docs) / 1e6

#
def load_dataset(verbose=False, remove=()):
    """ load and vectorize the 20 newsgroups dataset. """
    data_train = fetch_20newsgroups(
        subset="train",
        categories= categories,
        shuffle=True,
        random_state=42,
        remove=remove,
    )
    data_test = fetch_20newsgroups(
        subset="test",
        categories= categories,
        shuffle=True,
        random_state=42,
        remove=remove,
    )
    # order of lables in targer_names can be different from categories
    target_names = data_train.target_names

    y_train, y_test = data_train.target, data_test.target

    # Extracting features from the training data using a sparse vectorizer
    t0 = time()
    vectorizer = TfidfVectorizer( # ❓
        sublinear_tf=True, max_df=0.5, min_df=5, stop_words="english"
    )
    X_train = vectorizer.fit_transform(data_train.data)
    duration_train = time() - t0 # ❓
    
    # Extracting features from the test data using the same vectorizer
    t0 = time()
    X_test = vectorizer.transform(data_test.data)
    duration_test = time() - t0
    
    feature_names = vectorizer.get_feature_names_out()

    if verbose:
        # compute size mb of loaded data
        data_train_size_mb = size_mb(data_train.data)
        data_test_size_mb = size_mb(data_test.data)

        print(
            f"{len(data_train.data)} documents - "
            f"{data_train_size_mb:.2f}MB (training set)"
        )
        print(
            f"{len(data_test.data)} documents - "
            f"{data_test_size_mb:.2f}MB (test set)"
        )
        print(
            f"vectorize training done in {duration_train:.3f}s "
            f"at {data_train_size_mb / duration_train : .3f}MB/s"
        )
        print(
            f"n_samples: {X_train.shape[0]}, n_features: {X_train.shape[1]}"
        )
        print(
            f"vectorize test done in {duration_test:.3f}s "
            f"at {data_test_size_mb / duration_test :.3f}MB/s"
        )
        print(
            f"n_samples: {X_test.shape[0]}, n_features: {X_test.shape[1]}"
        )
    return X_train,X_test, y_train, y_test, feature_names, target_names

------------------


[0;31m---------------------------------------------------------------------------[0m
[0;31mModuleNotFoundError[0m                       Traceback (most recent call last)
Cell [0;32mIn[1], line 2[0m
[1;32m      1[0m [38;5;28;01mfrom[39;00m[38;5;250m [39m[38;5;21;01mtime[39;00m[38;5;250m [39m[38;5;28;01mimport[39;00m time
[0;32m----> 2[0m [38;5;28;01mfrom[39;00m[38;5;250m [39m[38;5;21;01msklearn[39;00m[38;5;21;01m.[39;00m[38;5;21;01mdatasets[39;00m[38;5;250m [39m[38;5;28;01mimport[39;00m fetch_20newsgroups
[1;32m      3[0m [38;5;28;01mfrom[39;00m[38;5;250m [39m[38;5;21;01msklearn[39;00m[38;5;21;01m.[39;00m[38;5;21;01mfeature_extraction[39;00m[38;5;21;01m.[39;00m[38;5;21;01mtext[39;00m[38;5;250m [39m[38;5;28;01mimport[39;00m TfidfVectorizer
[1;32m      4[0m categories [38;5;241m=[39m [
[1;32m      5[0m     [38;5;124m"[39m[38;5;124malt.atheism[39m[38;5;124m"[39m,
[1;32m      6[0m     [38;5;124m"[39m[38;5;124mtalk.religion.misc[39m[38;5;124m"[39m,
[1;32m      7[0m     [38;5;124m"[39m[38;5;124mcomp.graphics[39m[38;5;124m"[39m,
[1;32m      8[0m     [38;5;124m"[39m[38;5;124msci.space[39m[38;5;124m"[39m,
[1;32m      9[0m ]

[0;31mModuleNotFoundError[0m: No module named 'sklearn'

